<?xml version="1.0" encoding="UTF-8"?>
<testsuites name="jest tests" tests="6" failures="1" errors="0" time="0.651">
  <testsuite name="Hacker Dormitory" errors="0" failures="1" skipped="0" timestamp="2024-03-17T22:28:10" time="0.453" tests="6">
    <testcase classname="Hacker Dormitory should add valid students in Residents list" name="Hacker Dormitory should add valid students in Residents list" time="0.026">
    </testcase>
    <testcase classname="Hacker Dormitory should add valid students without case sensitivity" name="Hacker Dormitory should add valid students without case sensitivity" time="0.005">
    </testcase>
    <testcase classname="Hacker Dormitory should clear the input fields after adding a new student" name="Hacker Dormitory should clear the input fields after adding a new student" time="0.005">
      <failure>Error: expect(received).toEqual(expected) // deep equality

Expected: &quot;&quot;
Received: &quot;Adam&quot;
    at Object.&lt;anonymous&gt; (/Users/carlos/Code/study/hackerhank/af2867cc-4f71-4659-ae3b-6f5c3e444f07/src/App.test.js:60:28)
    at Promise.then.completed (/Users/carlos/Code/study/hackerhank/af2867cc-4f71-4659-ae3b-6f5c3e444f07/node_modules/jest-circus/build/utils.js:391:28)
    at new Promise (&lt;anonymous&gt;)
    at callAsyncCircusFn (/Users/carlos/Code/study/hackerhank/af2867cc-4f71-4659-ae3b-6f5c3e444f07/node_modules/jest-circus/build/utils.js:316:10)
    at _callCircusTest (/Users/carlos/Code/study/hackerhank/af2867cc-4f71-4659-ae3b-6f5c3e444f07/node_modules/jest-circus/build/run.js:218:40)
    at processTicksAndRejections (node:internal/process/task_queues:95:5)
    at _runTest (/Users/carlos/Code/study/hackerhank/af2867cc-4f71-4659-ae3b-6f5c3e444f07/node_modules/jest-circus/build/run.js:155:3)
    at _runTestsForDescribeBlock (/Users/carlos/Code/study/hackerhank/af2867cc-4f71-4659-ae3b-6f5c3e444f07/node_modules/jest-circus/build/run.js:66:9)
    at _runTestsForDescribeBlock (/Users/carlos/Code/study/hackerhank/af2867cc-4f71-4659-ae3b-6f5c3e444f07/node_modules/jest-circus/build/run.js:60:9)
    at run (/Users/carlos/Code/study/hackerhank/af2867cc-4f71-4659-ae3b-6f5c3e444f07/node_modules/jest-circus/build/run.js:25:3)
    at runAndTransformResultsToJestFormat (/Users/carlos/Code/study/hackerhank/af2867cc-4f71-4659-ae3b-6f5c3e444f07/node_modules/jest-circus/build/legacy-code-todo-rewrite/jestAdapterInit.js:170:21)
    at jestAdapter (/Users/carlos/Code/study/hackerhank/af2867cc-4f71-4659-ae3b-6f5c3e444f07/node_modules/jest-circus/build/legacy-code-todo-rewrite/jestAdapter.js:82:19)
    at runTestInternal (/Users/carlos/Code/study/hackerhank/af2867cc-4f71-4659-ae3b-6f5c3e444f07/node_modules/jest-runner/build/runTest.js:389:16)
    at runTest (/Users/carlos/Code/study/hackerhank/af2867cc-4f71-4659-ae3b-6f5c3e444f07/node_modules/jest-runner/build/runTest.js:475:34)
    at TestRunner.runTests (/Users/carlos/Code/study/hackerhank/af2867cc-4f71-4659-ae3b-6f5c3e444f07/node_modules/jest-runner/build/index.js:101:12)
    at TestScheduler.scheduleTests (/Users/carlos/Code/study/hackerhank/af2867cc-4f71-4659-ae3b-6f5c3e444f07/node_modules/@jest/core/build/TestScheduler.js:333:13)
    at runJest (/Users/carlos/Code/study/hackerhank/af2867cc-4f71-4659-ae3b-6f5c3e444f07/node_modules/@jest/core/build/runJest.js:404:19)
    at _run10000 (/Users/carlos/Code/study/hackerhank/af2867cc-4f71-4659-ae3b-6f5c3e444f07/node_modules/@jest/core/build/cli/index.js:320:7)
    at runCLI (/Users/carlos/Code/study/hackerhank/af2867cc-4f71-4659-ae3b-6f5c3e444f07/node_modules/@jest/core/build/cli/index.js:173:3)
    at Object.run (/Users/carlos/Code/study/hackerhank/af2867cc-4f71-4659-ae3b-6f5c3e444f07/node_modules/jest-cli/build/cli/index.js:155:37)</failure>
    </testcase>
    <testcase classname="Hacker Dormitory should show error on trying to add a student who is not in the list" name="Hacker Dormitory should show error on trying to add a student who is not in the list" time="0.005">
    </testcase>
    <testcase classname="Hacker Dormitory should show error on trying to add a student whose validity has expired" name="Hacker Dormitory should show error on trying to add a student whose validity has expired" time="0.003">
    </testcase>
    <testcase classname="Hacker Dormitory should hold the correct list and error message after series of Students addition" name="Hacker Dormitory should hold the correct list and error message after series of Students addition" time="0.008">
    </testcase>
  </testsuite>
</testsuites>